[2026-04-03 00:57:06] [INFO][Thread 8350899968] Server listening on port 8080
[2026-04-03 00:57:08] [INFO][Thread 8350899968] IP=127.0.0.1 Port=52245 Message=Incoming connection Response=
[2026-04-03 00:57:08] [INFO][Thread 6170996736] IP=127.0.0.1 Port=52245 Message=Connection started Response=type=unknown
[2026-04-03 00:57:08] [INFO][Thread 6170996736] IP=127.0.0.1 Port=52245 Message=PING Response=PONG

[2026-04-03 00:57:08] [INFO][Thread 6170996736] IP=127.0.0.1 Port=52245 Message=Client disconnected Response=
